---
source: crates/tui/src/widgets/tests.rs
expression: buffer_to_string(&buf)
---

    ╭ Settings * ──────────────────────────────────────────────────────────╮
    │                Repositories | Polling | Authentication               │
    │                                                                      │
    │> + Add repository...                                                 │
    │                                                                      │
    │                                                                      │
    │                                                                      │
    │                                                                      │
    │                                                                      │
    │                                                                      │
    │                                                                      │
    │                                                                      │
    │                                                                      │
    │                                                                      │
    │                                                                      │
    │                                                                      │
    │                                                                      │
    │                                                                      │
    │                                                                      │
    │  ←→: sections | ↑↓: navigate | Enter: edit | d: delete | Esc: close  │
    │                                                                      │
    ╰──────────────────────────────────────────────────────────────────────╯
