---
source: crates/whip-tui/src/widgets/tests.rs
expression: buffer_to_string(&buf)
---
╭ Completed Task ──────────────────────╮
│Lane: Done  │  ✓ Success              │
│Created: 2025-01-15 10:30             │
│Updated: 2025-01-15 10:30             │
│──────────────────────────────────────│
│Successfully finished and deployed.   │
│                                      │
│                                      │
│                                      │
│                                      │
│                                      │
│                                      │
│                                      │
│                                      │
│                                      │
│                                      │
│                                      │
│──────────────────────────────────────│
│[Esc] Back to board  [↑↓] Scroll      │
╰──────────────────────────────────────╯
