---
source: crates/tui/src/widgets/tests.rs
assertion_line: 394
expression: buffer_to_string(&buf)
---


                      ╭ Help ───────────────────────────╮
                      │                                 │
                      │  Navigation                     │
                      │  ←          Move left           │
                      │  →          Move right          │
                      │  ↑          Select previous     │
                      │  ↓          Select next         │
                      │                                 │
                      │  Actions                        │
                      │  Enter      Open details        │
                      │  Esc        Close panel         │
                      │  Shift+S    Open settings       │
                      │  Ctrl+R     Refresh             │
                      │  Ctrl+C     Quit                │
                      │  ?          Toggle help         │
                      │                                 │
                      │  Press any key to close         │
                      │                                 │
                      │                                 │
                      ╰─────────────────────────────────╯
