---
source: crates/whip-tui/src/widgets/tests.rs
expression: buffer_to_string(&buf)
---
╭ No Description ──────────────────────╮
│Lane: Backlog  │  ○ Idle              │
│Created: 2025-01-15 10:30             │
│Updated: 2025-01-15 10:30             │
│──────────────────────────────────────│
│No description                        │
│                                      │
│                                      │
│                                      │
│                                      │
│                                      │
│                                      │
│                                      │
│                                      │
│                                      │
│                                      │
│                                      │
│──────────────────────────────────────│
│[Esc] Back to board  [↑↓] Scroll      │
╰──────────────────────────────────────╯
