---
source: crates/tui/src/widgets/tests.rs
assertion_line: 479
expression: buffer_to_string(&buf)
---

          ╭ Settings ────────────────────────────────────────────────╮
          │          Repositories | Polling | Authentication         │
          │                                                          │
          │> GitHub Token: ghp_...(set)                              │
          │                                                          │
          │  (Falls back to `gh auth token` if not set)              │
          │                                                          │
          │                                                          │
          │                                                          │
          │                                                          │
          │                                                          │
          │                                                          │
          │                                                          │
          │                                                          │
          │                                                          │
          │                                                          │
          │                                                          │
          │                                                          │
          │                                                          │
          │Tab: sections | Enter: edit | d: delete | s: save | Esc: c│
          │                                                          │
          ╰──────────────────────────────────────────────────────────╯
