---
source: crates/taim-tui/src/widgets/tests.rs
expression: buffer_to_string(&buf)
---
╭ Blocked Task ────────────────────────╮
│◆ Needs Attention  │  Lane: In Progres│
│Created: 2025-01-15 10:30             │
│Updated: 2025-01-15 10:30             │
│──────────────────────────────────────│
│Waiting for input from the product    │
│manager.                              │
│                                      │
│                                      │
│                                      │
│                                      │
│                                      │
│                                      │
│                                      │
│                                      │
│                                      │
│                                      │
│──────────────────────────────────────│
│[Esc] Back to board  [↑↓] Scroll      │
╰──────────────────────────────────────╯
