---
source: crates/taim-tui/src/widgets/tests.rs
expression: buffer_to_string(&buf)
---
  ┌ Help ───────────────────────────┐
  │                                 │
  │  Navigation                     │
  │  ←          Move left           │
  │  →          Move right          │
  │  ↑          Select previous     │
  │  ↓          Select next         │
  │                                 │
  │  Actions                        │
  │  Enter      Open details        │
  │  Esc        Close panel         │
  │  Ctrl+C     Quit                │
  │  ?          Toggle help         │
  │                                 │
  └─────────────────────────────────┘
