---
source: crates/taim-tui/src/widgets/tests.rs
expression: buffer_to_string(&buf)
---
┌ Task Details ────────────────────────┐
│Title: Active Task                    │
│Status: ● In Progress                 │
│Lane: In Progress                     │
│                                      │
│────────────────────────────────────  │
│                                      │
│Description:                          │
│Work in progress on this feature.     │
│                                      │
│────────────────────────────────────  │
│                                      │
│Created: 2026-01-28 14:16             │
│Updated: 2026-01-28 14:16             │
│                                      │
│[Esc] Close                           │
│                                      │
│                                      │
│                                      │
└──────────────────────────────────────┘
