---
source: crates/taim-tui/src/widgets/tests.rs
expression: buffer_to_string(&buf)
---
┌──────────────────────────────────────────────────────────────────────────────┐
│q Quit  ←→↑↓ Navigate  Enter Select                                           │
└──────────────────────────────────────────────────────────────────────────────┘
