---
source: crates/taim-tui/src/widgets/tests.rs
assertion_line: 74
expression: buffer_to_string(&buf)
---
┌Backlog (0)───────┐┌In Progress (0)───┐┌Under Review (0)──┐┌Done (0)──────────┐
│No tasks          ││No tasks          ││No tasks          ││No tasks          │
│                  ││                  ││                  ││                  │
│                  ││                  ││                  ││                  │
│                  ││                  ││                  ││                  │
│                  ││                  ││                  ││                  │
│                  ││                  ││                  ││                  │
│                  ││                  ││                  ││                  │
│                  ││                  ││                  ││                  │
│                  ││                  ││                  ││                  │
│                  ││                  ││                  ││                  │
│                  ││                  ││                  ││                  │
│                  ││                  ││                  ││                  │
│                  ││                  ││                  ││                  │
│                  ││                  ││                  ││                  │
│                  ││                  ││                  ││                  │
│                  ││                  ││                  ││                  │
│                  ││                  ││                  ││                  │
│                  ││                  ││                  ││                  │
└──────────────────┘└──────────────────┘└──────────────────┘└──────────────────┘
